Using pre-set license
Built from '6000.0/staging' branch; Version is '6000.0.34f1 (5ab2d9ed9190) revision 5944025'; Using compiler version '193933523'; Build Type 'Release'
OS: 'Windows 10  (10.0.19045) 64bit Professional' Language: 'es' Physical Memory: 32711 MB
BatchMode: 1, IsHumanControllingUs: 0, StartBugReporterOnCrash: 0, Is64bit: 1, IsPro: 1

COMMAND LINE ARGUMENTS:
C:\Program Files\Unity\Hub\Editor\6000.0.34f1\Editor\Unity.exe
-adb2
-batchMode
-noUpm
-name
AssetImportWorker4
-projectPath
C:/Users/Usuario/Desktop/Proyectos/VIPO-DIY/VIPO_DIY_Unity
-logFile
Logs/AssetImportWorker4.log
-srvPort
55437
-job-worker-count
11
-background-job-worker-count
8
-gc-helper-count
1
Successfully changed project path to: C:/Users/Usuario/Desktop/Proyectos/VIPO-DIY/VIPO_DIY_Unity
C:/Users/Usuario/Desktop/Proyectos/VIPO-DIY/VIPO_DIY_Unity
[UnityMemory] Configuration Parameters - Can be set up in boot.config
    "memorysetup-bucket-allocator-granularity=16"
    "memorysetup-bucket-allocator-bucket-count=8"
    "memorysetup-bucket-allocator-block-size=33554432"
    "memorysetup-bucket-allocator-block-count=8"
    "memorysetup-main-allocator-block-size=16777216"
    "memorysetup-thread-allocator-block-size=16777216"
    "memorysetup-gfx-main-allocator-block-size=16777216"
    "memorysetup-gfx-thread-allocator-block-size=16777216"
    "memorysetup-cache-allocator-block-size=4194304"
    "memorysetup-typetree-allocator-block-size=2097152"
    "memorysetup-profiler-bucket-allocator-granularity=16"
    "memorysetup-profiler-bucket-allocator-bucket-count=8"
    "memorysetup-profiler-bucket-allocator-block-size=33554432"
    "memorysetup-profiler-bucket-allocator-block-count=8"
    "memorysetup-profiler-allocator-block-size=16777216"
    "memorysetup-profiler-editor-allocator-block-size=1048576"
    "memorysetup-temp-allocator-size-main=16777216"
    "memorysetup-job-temp-allocator-block-size=2097152"
    "memorysetup-job-temp-allocator-block-size-background=1048576"
    "memorysetup-job-temp-allocator-reduction-small-platforms=262144"
    "memorysetup-allocator-temp-initial-block-size-main=262144"
    "memorysetup-allocator-temp-initial-block-size-worker=262144"
    "memorysetup-temp-allocator-size-background-worker=32768"
    "memorysetup-temp-allocator-size-job-worker=262144"
    "memorysetup-temp-allocator-size-preload-manager=33554432"
    "memorysetup-temp-allocator-size-nav-mesh-worker=65536"
    "memorysetup-temp-allocator-size-audio-worker=65536"
    "memorysetup-temp-allocator-size-cloud-worker=32768"
    "memorysetup-temp-allocator-size-gi-baking-worker=262144"
    "memorysetup-temp-allocator-size-gi-baking-worker=262144"
    "memorysetup-temp-allocator-size-gi-baking-worker=262144"
    "memorysetup-temp-allocator-size-gi-baking-worker=262144"
    "memorysetup-temp-allocator-size-gi-baking-worker=262144"
    "memorysetup-temp-allocator-size-gfx=262144"
Player connection [23304]  Target information:

Player connection [23304]  * "[IP] 192.168.1.128 [Port] 0 [Flags] 2 [Guid] 3974807339 [EditorId] 3974807339 [Version] 1048832 [Id] WindowsEditor(7,DESKTOP-771TREB) [Debug] 1 [PackageName] WindowsEditor [ProjectName] Editor" 

Player connection [23304] Host joined multi-casting on [225.0.0.222:54997]...
Player connection [23304] Host joined alternative multi-casting on [225.0.0.222:34997]...
JobSystem: Creating JobQueue using job-worker-count value 11
Input System module state changed to: Initialized.
[Physics::Module] Initialized fallback backend.
[Physics::Module] Id: 0xdecafbad
Library Redirect Path: Library/
[Physics::Module] Selected backend.
[Physics::Module] Name: PhysX
[Physics::Module] Id: 0xf2b8ea05
[Physics::Module] SDK Version: 4.1.2
[Physics::Module] Integration Version: 1.0.0
[Physics::Module] Threading Mode: Multi-Threaded
Refreshing native plugins compatible for Editor in 3.68 ms, found 4 plugins.
Preloading 0 native plugins for Editor in 0.00 ms.
Initialize engine version: 6000.0.34f1 (5ab2d9ed9190)
[Subsystems] Discovering subsystems at path C:/Program Files/Unity/Hub/Editor/6000.0.34f1/Editor/Data/Resources/UnitySubsystems
[Subsystems] Discovering subsystems at path C:/Users/Usuario/Desktop/Proyectos/VIPO-DIY/VIPO_DIY_Unity/Assets
GfxDevice: creating device client; kGfxThreadingModeNonThreaded
Direct3D:
    Version:  Direct3D 11.0 [level 11.1]
    Renderer: NVIDIA GeForce GTX 1660 SUPER (ID=0x21c4)
    Vendor:   NVIDIA
    VRAM:     5966 MB
    Driver:   32.0.15.6094
Initialize mono
Mono path[0] = 'C:/Program Files/Unity/Hub/Editor/6000.0.34f1/Editor/Data/Managed'
Mono path[1] = 'C:/Program Files/Unity/Hub/Editor/6000.0.34f1/Editor/Data/MonoBleedingEdge/lib/mono/unityjit-win32'
Mono config path = 'C:/Program Files/Unity/Hub/Editor/6000.0.34f1/Editor/Data/MonoBleedingEdge/etc'
Using monoOptions --debugger-agent=transport=dt_socket,embedding=1,server=y,suspend=n,address=127.0.0.1:56832
Begin MonoManager ReloadAssembly
Registering precompiled unity dll's ...
Register platform support module: C:/Program Files/Unity/Hub/Editor/6000.0.34f1/Editor/Data/PlaybackEngines/WindowsStandaloneSupport/UnityEditor.WindowsStandalone.Extensions.dll
Register platform support module: C:/Program Files/Unity/Hub/Editor/6000.0.34f1/Editor/Data/PlaybackEngines/AndroidPlayer/UnityEditor.Android.Extensions.dll
Registered in 0.006247 seconds.
- Loaded All Assemblies, in  0.494 seconds
Native extension for Android target not found
Android Extension - Scanning For ADB Devices 444 ms
Native extension for WindowsStandalone target not found
Mono: successfully reloaded assembly
- Finished resetting the current domain, in  0.904 seconds
Domain Reload Profiling: 1394ms
	BeginReloadAssembly (163ms)
		ExecutionOrderSort (0ms)
		DisableScriptedObjects (0ms)
		BackupInstance (0ms)
		ReleaseScriptingObjects (0ms)
		CreateAndSetChildDomain (1ms)
	RebuildCommonClasses (42ms)
	RebuildNativeTypeToScriptingClass (14ms)
	initialDomainReloadingComplete (66ms)
	LoadAllAssembliesAndSetupDomain (204ms)
		LoadAssemblies (158ms)
		RebuildTransferFunctionScriptingTraits (0ms)
		AnalyzeDomain (200ms)
			TypeCache.Refresh (198ms)
				TypeCache.ScanAssembly (179ms)
			BuildScriptInfoCaches (0ms)
			ResolveRequiredComponents (1ms)
	FinalizeReload (905ms)
		ReleaseScriptCaches (0ms)
		RebuildScriptCaches (0ms)
		SetupLoadedEditorAssemblies (869ms)
			LogAssemblyErrors (0ms)
			InitializePlatformSupportModulesInManaged (561ms)
			SetLoadedEditorAssemblies (16ms)
			BeforeProcessingInitializeOnLoad (68ms)
			ProcessInitializeOnLoadAttributes (145ms)
			ProcessInitializeOnLoadMethodAttributes (79ms)
			AfterProcessingInitializeOnLoad (0ms)
			EditorAssembliesLoaded (0ms)
		ExecutionOrderSort2 (0ms)
		AwakeInstancesAfterBackupRestoration (0ms)
========================================================================
Worker process is ready to serve import requests
Import Worker Mode flag is 0x00
Begin MonoManager ReloadAssembly
- Loaded All Assemblies, in  1.212 seconds
Refreshing native plugins compatible for Editor in 1.63 ms, found 4 plugins.
Native extension for Android target not found
Native extension for WindowsStandalone target not found
The project currently uses the compatibility mode where the Render Graph API is disabled. Support for this mode will be removed in future Unity versions. Migrate existing ScriptableRenderPasses to the new RenderGraph API. After the migration, disable the compatibility mode in Edit > Projects Settings > Graphics > Render Graph.
UnityEngine.Debug:ExtractStackTraceNoAlloc (byte*,int,string)
UnityEngine.StackTraceUtility:ExtractStackTrace ()
UnityEngine.DebugLogHandler:Internal_Log (UnityEngine.LogType,UnityEngine.LogOption,string,UnityEngine.Object)
UnityEngine.DebugLogHandler:LogFormat (UnityEngine.LogType,UnityEngine.Object,string,object[])
UnityEngine.Logger:Log (UnityEngine.LogType,object)
UnityEngine.Debug:LogWarning (object)
UnityEngine.Rendering.Universal.WarnUsingNonRenderGraph:EmitConsoleWarning () (at ./Library/PackageCache/com.unity.render-pipelines.universal/Runtime/Data/UniversalRenderPipelineAsset.cs:427)
System.Reflection.RuntimeMethodInfo:Invoke (object,System.Reflection.BindingFlags,System.Reflection.Binder,object[],System.Globalization.CultureInfo)
System.Reflection.MethodBase:Invoke (object,object[])
UnityEditor.EditorAssemblies:ProcessInitializeOnLoadMethodAttributes ()

(Filename: ./Library/PackageCache/com.unity.render-pipelines.universal/Runtime/Data/UniversalRenderPipelineAsset.cs Line: 427)

Mono: successfully reloaded assembly
- Finished resetting the current domain, in  1.151 seconds
Domain Reload Profiling: 2353ms
	BeginReloadAssembly (215ms)
		ExecutionOrderSort (0ms)
		DisableScriptedObjects (7ms)
		BackupInstance (0ms)
		ReleaseScriptingObjects (0ms)
		CreateAndSetChildDomain (41ms)
	RebuildCommonClasses (43ms)
	RebuildNativeTypeToScriptingClass (14ms)
	initialDomainReloadingComplete (52ms)
	LoadAllAssembliesAndSetupDomain (878ms)
		LoadAssemblies (631ms)
		RebuildTransferFunctionScriptingTraits (0ms)
		AnalyzeDomain (372ms)
			TypeCache.Refresh (272ms)
				TypeCache.ScanAssembly (253ms)
			BuildScriptInfoCaches (85ms)
			ResolveRequiredComponents (12ms)
	FinalizeReload (1152ms)
		ReleaseScriptCaches (0ms)
		RebuildScriptCaches (0ms)
		SetupLoadedEditorAssemblies (914ms)
			LogAssemblyErrors (0ms)
			InitializePlatformSupportModulesInManaged (15ms)
			SetLoadedEditorAssemblies (8ms)
			BeforeProcessingInitializeOnLoad (253ms)
			ProcessInitializeOnLoadAttributes (514ms)
			ProcessInitializeOnLoadMethodAttributes (117ms)
			AfterProcessingInitializeOnLoad (7ms)
			EditorAssembliesLoaded (0ms)
		ExecutionOrderSort2 (0ms)
		AwakeInstancesAfterBackupRestoration (6ms)
Launched and connected shader compiler UnityShaderCompiler.exe after 0.02 seconds
Refreshing native plugins compatible for Editor in 3.13 ms, found 4 plugins.
Preloading 0 native plugins for Editor in 0.00 ms.
Unloading 206 Unused Serialized files (Serialized files now loaded: 0)
Unloading 5740 unused Assets / (4.6 MB). Loaded Objects now: 6427.
Memory consumption went from 161.9 MB to 157.3 MB.
Total: 14.752900 ms (FindLiveObjects: 1.419400 ms CreateObjectMapping: 0.731200 ms MarkObjects: 8.284800 ms  DeleteObjects: 4.315200 ms)

========================================================================
Received Import Request.
  Time since last request: 8804.140305 seconds.
  path: Assets/TextMesh Pro/Shaders/TMP_SDF-HDRP UNLIT.shadergraph
  artifactKey: Guid(f63d574838ccfb44f84acc05fed0af48) Importer(815301076,1909f56bfc062723c751e8b465ee728b)
Start importing Assets/TextMesh Pro/Shaders/TMP_SDF-HDRP UNLIT.shadergraph using Guid(f63d574838ccfb44f84acc05fed0af48) Importer(815301076,1909f56bfc062723c751e8b465ee728b) (PreviewImporter)CommandBuffer: temporary render texture  not found while executing  (Copy source)
UnityEngine.Debug:ExtractStackTraceNoAlloc (byte*,int,string)
UnityEngine.StackTraceUtility:ExtractStackTrace ()
UnityEngine.Rendering.ScriptableRenderContext:Submit ()
UnityEngine.Rendering.Universal.UniversalRenderPipeline:RenderSingleCamera (UnityEngine.Rendering.ScriptableRenderContext,UnityEngine.Rendering.Universal.UniversalCameraData) (at ./Library/PackageCache/com.unity.render-pipelines.universal/Runtime/UniversalRenderPipeline.cs:887)
UnityEngine.Rendering.Universal.UniversalRenderPipeline:RenderSingleCameraInternal (UnityEngine.Rendering.ScriptableRenderContext,UnityEngine.Camera,UnityEngine.Rendering.Universal.UniversalAdditionalCameraData&) (at ./Library/PackageCache/com.unity.render-pipelines.universal/Runtime/UniversalRenderPipeline.cs:690)
UnityEngine.Rendering.Universal.UniversalRenderPipeline:RenderSingleCameraInternal (UnityEngine.Rendering.ScriptableRenderContext,UnityEngine.Camera) (at ./Library/PackageCache/com.unity.render-pipelines.universal/Runtime/UniversalRenderPipeline.cs:665)
UnityEngine.Rendering.Universal.UniversalRenderPipeline:Render (UnityEngine.Rendering.ScriptableRenderContext,System.Collections.Generic.List`1<UnityEngine.Camera>) (at ./Library/PackageCache/com.unity.render-pipelines.universal/Runtime/UniversalRenderPipeline.cs:482)
UnityEngine.Rendering.RenderPipeline:InternalRender (UnityEngine.Rendering.ScriptableRenderContext,System.Collections.Generic.List`1<UnityEngine.Camera>)
UnityEngine.Rendering.RenderPipelineManager:DoRenderLoop_Internal (UnityEngine.Rendering.RenderPipelineAsset,intptr,UnityEngine.Object,Unity.Collections.LowLevel.Unsafe.AtomicSafetyHandle)
UnityEngine.Camera:Render ()
UnityEditor.PreviewRenderUtility:Render (bool,bool)
UnityEditor.MaterialEditor:DoRenderPreview (UnityEditor.PreviewRenderUtility,bool)
UnityEditor.MaterialEditor:RenderStaticPreview (string,UnityEngine.Object[],int,int)
UnityEditor.AssetPreviewUpdater:CreatePreview (UnityEngine.Object,UnityEngine.Object[],string,int,int)
UnityEditor.AssetPreviewUpdater:CreatePreviewForAsset (UnityEngine.Object,UnityEngine.Object[],string)

[./Library/PackageCache/com.unity.render-pipelines.universal/Runtime/UniversalRenderPipeline.cs line 887]

CommandBuffer: temporary render texture  not found while executing  (Copy destination)
UnityEngine.Debug:ExtractStackTraceNoAlloc (byte*,int,string)
UnityEngine.StackTraceUtility:ExtractStackTrace ()
UnityEngine.Rendering.ScriptableRenderContext:Submit ()
UnityEngine.Rendering.Universal.UniversalRenderPipeline:RenderSingleCamera (UnityEngine.Rendering.ScriptableRenderContext,UnityEngine.Rendering.Universal.UniversalCameraData) (at ./Library/PackageCache/com.unity.render-pipelines.universal/Runtime/UniversalRenderPipeline.cs:887)
UnityEngine.Rendering.Universal.UniversalRenderPipeline:RenderSingleCameraInternal (UnityEngine.Rendering.ScriptableRenderContext,UnityEngine.Camera,UnityEngine.Rendering.Universal.UniversalAdditionalCameraData&) (at ./Library/PackageCache/com.unity.render-pipelines.universal/Runtime/UniversalRenderPipeline.cs:690)
UnityEngine.Rendering.Universal.UniversalRenderPipeline:RenderSingleCameraInternal (UnityEngine.Rendering.ScriptableRenderContext,UnityEngine.Camera) (at ./Library/PackageCache/com.unity.render-pipelines.universal/Runtime/UniversalRenderPipeline.cs:665)
UnityEngine.Rendering.Universal.UniversalRenderPipeline:Render (UnityEngine.Rendering.ScriptableRenderContext,System.Collections.Generic.List`1<UnityEngine.Camera>) (at ./Library/PackageCache/com.unity.render-pipelines.universal/Runtime/UniversalRenderPipeline.cs:482)
UnityEngine.Rendering.RenderPipeline:InternalRender (UnityEngine.Rendering.ScriptableRenderContext,System.Collections.Generic.List`1<UnityEngine.Camera>)
UnityEngine.Rendering.RenderPipelineManager:DoRenderLoop_Internal (UnityEngine.Rendering.RenderPipelineAsset,intptr,UnityEngine.Object,Unity.Collections.LowLevel.Unsafe.AtomicSafetyHandle)
UnityEngine.Camera:Render ()
UnityEditor.PreviewRenderUtility:Render (bool,bool)
UnityEditor.MaterialEditor:DoRenderPreview (UnityEditor.PreviewRenderUtility,bool)
UnityEditor.MaterialEditor:RenderStaticPreview (string,UnityEngine.Object[],int,int)
UnityEditor.AssetPreviewUpdater:CreatePreview (UnityEngine.Object,UnityEngine.Object[],string,int,int)
UnityEditor.AssetPreviewUpdater:CreatePreviewForAsset (UnityEngine.Object,UnityEngine.Object[],string)

[./Library/PackageCache/com.unity.render-pipelines.universal/Runtime/UniversalRenderPipeline.cs line 887]

 -> (artifact id: 'ed38980b83e6d7c8436a4c7a88088673') in 0.5269551 seconds
Number of updated asset objects reloaded before import = 0Number of asset objects unloaded after import = 3

========================================================================
Received Import Request.
  Time since last request: 0.000068 seconds.
  path: Assets/Imported/KayKit_Prototype_Bits/Models/fbx/Wall_Decorated.fbx
  artifactKey: Guid(8d66cc950dd47334bb634f7de6fe3f21) Importer(815301076,1909f56bfc062723c751e8b465ee728b)
Start importing Assets/Imported/KayKit_Prototype_Bits/Models/fbx/Wall_Decorated.fbx using Guid(8d66cc950dd47334bb634f7de6fe3f21) Importer(815301076,1909f56bfc062723c751e8b465ee728b) (PreviewImporter) -> (artifact id: '2456b63d1f1842a92cd40cb29a3326f3') in 0.073117 seconds
Number of updated asset objects reloaded before import = 0Number of asset objects unloaded after import = 9

========================================================================
Received Import Request.
  Time since last request: 0.000079 seconds.
  path: Assets/Imported/KayKit_Prototype_Bits/Models/fbx/Pillar_B.fbx
  artifactKey: Guid(35efa8d30487c8247b50e9a241f4a5f0) Importer(815301076,1909f56bfc062723c751e8b465ee728b)
Start importing Assets/Imported/KayKit_Prototype_Bits/Models/fbx/Pillar_B.fbx using Guid(35efa8d30487c8247b50e9a241f4a5f0) Importer(815301076,1909f56bfc062723c751e8b465ee728b) (PreviewImporter) -> (artifact id: '607f71000d3175e614eaaad38fe75438') in 0.027307 seconds
Number of updated asset objects reloaded before import = 0Number of asset objects unloaded after import = 9

========================================================================
Received Import Request.
  Time since last request: 0.000042 seconds.
  path: Assets/Imported/KayKit_Prototype_Bits/Models/fbx/Wall_Window_Closed.fbx
  artifactKey: Guid(961d4e54302e3354c9362975d9937fa5) Importer(815301076,1909f56bfc062723c751e8b465ee728b)
Start importing Assets/Imported/KayKit_Prototype_Bits/Models/fbx/Wall_Window_Closed.fbx using Guid(961d4e54302e3354c9362975d9937fa5) Importer(815301076,1909f56bfc062723c751e8b465ee728b) (PreviewImporter) -> (artifact id: '6ab37420f900f38255a7cb1dbe3b24d5') in 0.0218368 seconds
Number of updated asset objects reloaded before import = 0Number of asset objects unloaded after import = 9

========================================================================
Received Import Request.
  Time since last request: 0.000028 seconds.
  path: Assets/Imported/KayKit_Prototype_Bits/Models/fbx/Box_B.fbx
  artifactKey: Guid(29ee7ec3ecdb1c04587585868555cd25) Importer(815301076,1909f56bfc062723c751e8b465ee728b)
Start importing Assets/Imported/KayKit_Prototype_Bits/Models/fbx/Box_B.fbx using Guid(29ee7ec3ecdb1c04587585868555cd25) Importer(815301076,1909f56bfc062723c751e8b465ee728b) (PreviewImporter) -> (artifact id: '8b05f4fb87298bc0048058e2b636ad0b') in 0.0211738 seconds
Number of updated asset objects reloaded before import = 0Number of asset objects unloaded after import = 9

========================================================================
Received Import Request.
  Time since last request: 0.000031 seconds.
  path: Assets/Imported/KayKit_Prototype_Bits/Models/fbx/Primitive_Slope_Half_InnerCorner.fbx
  artifactKey: Guid(120e7b8804f25cf41acead5e2e5a0b53) Importer(815301076,1909f56bfc062723c751e8b465ee728b)
Start importing Assets/Imported/KayKit_Prototype_Bits/Models/fbx/Primitive_Slope_Half_InnerCorner.fbx using Guid(120e7b8804f25cf41acead5e2e5a0b53) Importer(815301076,1909f56bfc062723c751e8b465ee728b) (PreviewImporter) -> (artifact id: 'e20c0dc84868be15811b5102d5b533e5') in 0.0196879 seconds
Number of updated asset objects reloaded before import = 0Number of asset objects unloaded after import = 9

========================================================================
Received Import Request.
  Time since last request: 0.000036 seconds.
  path: Assets/Imported/KayKit_Prototype_Bits/Models/fbx/Pallet_Small.fbx
  artifactKey: Guid(e6ea7f55c4bc6c841b8ee8d24f65e1b5) Importer(815301076,1909f56bfc062723c751e8b465ee728b)
Start importing Assets/Imported/KayKit_Prototype_Bits/Models/fbx/Pallet_Small.fbx using Guid(e6ea7f55c4bc6c841b8ee8d24f65e1b5) Importer(815301076,1909f56bfc062723c751e8b465ee728b) (PreviewImporter) -> (artifact id: '4fb3ce700f9bfc42a07f31b8f1a120d1') in 0.018877 seconds
Number of updated asset objects reloaded before import = 0Number of asset objects unloaded after import = 9

========================================================================
Received Import Request.
  Time since last request: 0.000043 seconds.
  path: Assets/Imported/KayKit_Prototype_Bits/Models/fbx/Box_A.fbx
  artifactKey: Guid(b6f1779ad024f0a44a5d1fd4dd588689) Importer(815301076,1909f56bfc062723c751e8b465ee728b)
Start importing Assets/Imported/KayKit_Prototype_Bits/Models/fbx/Box_A.fbx using Guid(b6f1779ad024f0a44a5d1fd4dd588689) Importer(815301076,1909f56bfc062723c751e8b465ee728b) (PreviewImporter) -> (artifact id: '5c499599b6e40050fe536db7eecc0a85') in 0.0188672 seconds
Number of updated asset objects reloaded before import = 0Number of asset objects unloaded after import = 9

========================================================================
Received Import Request.
  Time since last request: 0.000023 seconds.
  path: Assets/Imported/KayKit_Prototype_Bits/Models/fbx/target_pieces_D.fbx
  artifactKey: Guid(882373a2bfff5de44a0df463f371d866) Importer(815301076,1909f56bfc062723c751e8b465ee728b)
Start importing Assets/Imported/KayKit_Prototype_Bits/Models/fbx/target_pieces_D.fbx using Guid(882373a2bfff5de44a0df463f371d866) Importer(815301076,1909f56bfc062723c751e8b465ee728b) (PreviewImporter) -> (artifact id: '768279911117bc0083990ebfd7d2603f') in 0.0211201 seconds
Number of updated asset objects reloaded before import = 0Number of asset objects unloaded after import = 9

========================================================================
Received Import Request.
  Time since last request: 0.000024 seconds.
  path: Assets/Imported/KayKit_Adventurers/Models/fbx/arrow_bundle.fbx
  artifactKey: Guid(baf9476bb5e76ff4a837ccf9a9e7ee29) Importer(815301076,1909f56bfc062723c751e8b465ee728b)
Start importing Assets/Imported/KayKit_Adventurers/Models/fbx/arrow_bundle.fbx using Guid(baf9476bb5e76ff4a837ccf9a9e7ee29) Importer(815301076,1909f56bfc062723c751e8b465ee728b) (PreviewImporter) -> (artifact id: 'a07188937c51a295588939192968398c') in 0.0186603 seconds
Number of updated asset objects reloaded before import = 0Number of asset objects unloaded after import = 9

========================================================================
Received Import Request.
  Time since last request: 0.000030 seconds.
  path: Assets/Imported/KayKit_Prototype_Bits/Models/fbx/Cube_Prototype_Large_B.fbx
  artifactKey: Guid(a6d970c841ef25e46ada1fc0bcabc35a) Importer(815301076,1909f56bfc062723c751e8b465ee728b)
Start importing Assets/Imported/KayKit_Prototype_Bits/Models/fbx/Cube_Prototype_Large_B.fbx using Guid(a6d970c841ef25e46ada1fc0bcabc35a) Importer(815301076,1909f56bfc062723c751e8b465ee728b) (PreviewImporter) -> (artifact id: '064c26969f2477a2a312d40a5aa978b0') in 0.0195081 seconds
Number of updated asset objects reloaded before import = 0Number of asset objects unloaded after import = 9

========================================================================
Received Import Request.
  Time since last request: 0.000034 seconds.
  path: Assets/Imported/KayKit_Prototype_Bits/Models/fbx/Primitive_Floor_Hole.fbx
  artifactKey: Guid(952ccedf7a6252347bf05212d460b7af) Importer(815301076,1909f56bfc062723c751e8b465ee728b)
Start importing Assets/Imported/KayKit_Prototype_Bits/Models/fbx/Primitive_Floor_Hole.fbx using Guid(952ccedf7a6252347bf05212d460b7af) Importer(815301076,1909f56bfc062723c751e8b465ee728b) (PreviewImporter) -> (artifact id: '5577dbb6c97f104029fb802ca1e2ec6d') in 0.0195836 seconds
Number of updated asset objects reloaded before import = 0Number of asset objects unloaded after import = 9

========================================================================
Received Import Request.
  Time since last request: 0.163742 seconds.
  path: Assets/Imported/KayKit_Prototype_Bits/Models/fbx/Primitive_Wall_Short.fbx
  artifactKey: Guid(e73a287ab2cd87f4792dfb45bfea45b8) Importer(815301076,1909f56bfc062723c751e8b465ee728b)
Start importing Assets/Imported/KayKit_Prototype_Bits/Models/fbx/Primitive_Wall_Short.fbx using Guid(e73a287ab2cd87f4792dfb45bfea45b8) Importer(815301076,1909f56bfc062723c751e8b465ee728b) (PreviewImporter) -> (artifact id: '3a49060cd5f91e642e358a9c910a47a5') in 0.0193262 seconds
Number of updated asset objects reloaded before import = 0Number of asset objects unloaded after import = 9

========================================================================
Received Import Request.
  Time since last request: 0.000031 seconds.
  path: Assets/Imported/KayKit_Prototype_Bits/Models/fbx/Primitive_Wall_OpenCorner.fbx
  artifactKey: Guid(2dcea93e5da0301418ae6a529d587b8f) Importer(815301076,1909f56bfc062723c751e8b465ee728b)
Start importing Assets/Imported/KayKit_Prototype_Bits/Models/fbx/Primitive_Wall_OpenCorner.fbx using Guid(2dcea93e5da0301418ae6a529d587b8f) Importer(815301076,1909f56bfc062723c751e8b465ee728b) (PreviewImporter) -> (artifact id: 'f20c1b80d7145329d19e20887f02256c') in 0.0193937 seconds
Number of updated asset objects reloaded before import = 0Number of asset objects unloaded after import = 9

========================================================================
Received Import Request.
  Time since last request: 0.100408 seconds.
  path: Assets/Imported/KayKit_Adventurers/Models/fbx/wand.fbx
  artifactKey: Guid(d6b20e66140e5694ab05393fcc109319) Importer(815301076,1909f56bfc062723c751e8b465ee728b)
Start importing Assets/Imported/KayKit_Adventurers/Models/fbx/wand.fbx using Guid(d6b20e66140e5694ab05393fcc109319) Importer(815301076,1909f56bfc062723c751e8b465ee728b) (PreviewImporter) -> (artifact id: '355698d32d6b44ebd3b11e4643893149') in 0.0298352 seconds
Number of updated asset objects reloaded before import = 0Number of asset objects unloaded after import = 9

========================================================================
Received Import Request.
  Time since last request: 0.000025 seconds.
  path: Assets/Imported/KayKit_Prototype_Bits/Models/fbx/Primitive_Window.fbx
  artifactKey: Guid(030d55d0cbb992c40b6bfb7f476c861e) Importer(815301076,1909f56bfc062723c751e8b465ee728b)
Start importing Assets/Imported/KayKit_Prototype_Bits/Models/fbx/Primitive_Window.fbx using Guid(030d55d0cbb992c40b6bfb7f476c861e) Importer(815301076,1909f56bfc062723c751e8b465ee728b) (PreviewImporter) -> (artifact id: 'adf907dc96d42706e4e39c6d6353de26') in 0.0214181 seconds
Number of updated asset objects reloaded before import = 0Number of asset objects unloaded after import = 9

========================================================================
Received Import Request.
  Time since last request: 0.000026 seconds.
  path: Assets/Imported/KayKit_Prototype_Bits/Models/fbx/target.fbx
  artifactKey: Guid(b9bf927cce762554b83f8b7a447708cd) Importer(815301076,1909f56bfc062723c751e8b465ee728b)
Start importing Assets/Imported/KayKit_Prototype_Bits/Models/fbx/target.fbx using Guid(b9bf927cce762554b83f8b7a447708cd) Importer(815301076,1909f56bfc062723c751e8b465ee728b) (PreviewImporter) -> (artifact id: '29319e478bf89c6286dc3f115e850a6e') in 0.0192301 seconds
Number of updated asset objects reloaded before import = 0Number of asset objects unloaded after import = 9

========================================================================
Received Import Request.
  Time since last request: 0.000048 seconds.
  path: Assets/Imported/KayKit_Adventurers/Characters/fbx/Knight.fbx
  artifactKey: Guid(d730dc9f95ebedd4995fa5b529038ecf) Importer(815301076,1909f56bfc062723c751e8b465ee728b)
Start importing Assets/Imported/KayKit_Adventurers/Characters/fbx/Knight.fbx using Guid(d730dc9f95ebedd4995fa5b529038ecf) Importer(815301076,1909f56bfc062723c751e8b465ee728b) (PreviewImporter) -> (artifact id: '197368455f70e35b498274731a7d2b33') in 0.2171145 seconds
Number of updated asset objects reloaded before import = 0Number of asset objects unloaded after import = 235

========================================================================
Received Import Request.
  Time since last request: 55.279725 seconds.
  path: Assets/Red.mat
  artifactKey: Guid(59523b7e7f661b843914896429bfc0b8) Importer(815301076,1909f56bfc062723c751e8b465ee728b)
Start importing Assets/Red.mat using Guid(59523b7e7f661b843914896429bfc0b8) Importer(815301076,1909f56bfc062723c751e8b465ee728b) (PreviewImporter) -> (artifact id: '29dd90bd06439d01444e90a90397b622') in 0.008412 seconds
Number of updated asset objects reloaded before import = 0Number of asset objects unloaded after import = 1

========================================================================
Received Import Request.
  Time since last request: 6.761091 seconds.
  path: Assets/Transparent.mat
  artifactKey: Guid(e2451fb8cdaf4804183384fca84d231a) Importer(815301076,1909f56bfc062723c751e8b465ee728b)
Start importing Assets/Transparent.mat using Guid(e2451fb8cdaf4804183384fca84d231a) Importer(815301076,1909f56bfc062723c751e8b465ee728b) (PreviewImporter) -> (artifact id: '5dada99c1a2930cbe917cf6f7faea1ef') in 0.0073706 seconds
Number of updated asset objects reloaded before import = 0Number of asset objects unloaded after import = 1

========================================================================
Received Import Request.
  Time since last request: 11.427274 seconds.
  path: Assets/Transparent.mat
  artifactKey: Guid(e2451fb8cdaf4804183384fca84d231a) Importer(815301076,1909f56bfc062723c751e8b465ee728b)
Start importing Assets/Transparent.mat using Guid(e2451fb8cdaf4804183384fca84d231a) Importer(815301076,1909f56bfc062723c751e8b465ee728b) (PreviewImporter) -> (artifact id: '10f8ec2b9a4385ee1d1751e63a47bca1') in 0.009271 seconds
Number of updated asset objects reloaded before import = 0Number of asset objects unloaded after import = 1

========================================================================
Received Import Request.
  Time since last request: 1320.635632 seconds.
  path: Assets/Settings
  artifactKey: Guid(6cbe8c0ecec95c84ebc55fa8e4a50d98) Importer(815301076,1909f56bfc062723c751e8b465ee728b)
Start importing Assets/Settings using Guid(6cbe8c0ecec95c84ebc55fa8e4a50d98) Importer(815301076,1909f56bfc062723c751e8b465ee728b) (PreviewImporter) -> (artifact id: 'd4a2ad264a1ecdcf430e9deb840fce56') in 0.0009734 seconds
Number of updated asset objects reloaded before import = 0Number of asset objects unloaded after import = 0

========================================================================
Received Import Request.
  Time since last request: 0.000032 seconds.
  path: Assets/Settings/High_PipelineAsset.asset
  artifactKey: Guid(fb955dc56d5d13b4ea92596a859386d2) Importer(815301076,1909f56bfc062723c751e8b465ee728b)
Start importing Assets/Settings/High_PipelineAsset.asset using Guid(fb955dc56d5d13b4ea92596a859386d2) Importer(815301076,1909f56bfc062723c751e8b465ee728b) (PreviewImporter) -> (artifact id: '72bfcee26e4df9665870d88a4c7fae06') in 0.004165 seconds
Number of updated asset objects reloaded before import = 0Number of asset objects unloaded after import = 2

========================================================================
Received Import Request.
  Time since last request: 0.000059 seconds.
  path: Assets/Settings/Medium_PipelineAsset.asset
  artifactKey: Guid(4a887d7a753e120499c217660f0523af) Importer(815301076,1909f56bfc062723c751e8b465ee728b)
Start importing Assets/Settings/Medium_PipelineAsset.asset using Guid(4a887d7a753e120499c217660f0523af) Importer(815301076,1909f56bfc062723c751e8b465ee728b) (PreviewImporter) -> (artifact id: 'adb5ba671c7c95240a8d95255e07c0a6') in 0.0029335 seconds
Number of updated asset objects reloaded before import = 0Number of asset objects unloaded after import = 2

========================================================================
Received Import Request.
  Time since last request: 0.000039 seconds.
  path: Assets/Settings/Very High_PipelineAsset.asset
  artifactKey: Guid(0bb3347581560764a879375d12af82a5) Importer(815301076,1909f56bfc062723c751e8b465ee728b)
Start importing Assets/Settings/Very High_PipelineAsset.asset using Guid(0bb3347581560764a879375d12af82a5) Importer(815301076,1909f56bfc062723c751e8b465ee728b) (PreviewImporter) -> (artifact id: '8e81b70f1d28e9c1cb78450802f19e53') in 0.0043828 seconds
Number of updated asset objects reloaded before import = 0Number of asset objects unloaded after import = 2

========================================================================
Received Import Request.
  Time since last request: 0.000027 seconds.
  path: Assets/Settings/Very Low_PipelineAsset.asset
  artifactKey: Guid(9876d31b1ed544741815c3a5a80f9027) Importer(815301076,1909f56bfc062723c751e8b465ee728b)
Start importing Assets/Settings/Very Low_PipelineAsset.asset using Guid(9876d31b1ed544741815c3a5a80f9027) Importer(815301076,1909f56bfc062723c751e8b465ee728b) (PreviewImporter) -> (artifact id: 'b17d2246af6c65e1dfc7948d676458fc') in 0.0175879 seconds
Number of updated asset objects reloaded before import = 0Number of asset objects unloaded after import = 2

========================================================================
Received Import Request.
  Time since last request: 0.000024 seconds.
  path: Assets/Settings/Very High_PipelineAsset_ForwardRenderer.asset
  artifactKey: Guid(3a32923c966b5f841ab5dce50845902c) Importer(815301076,1909f56bfc062723c751e8b465ee728b)
Start importing Assets/Settings/Very High_PipelineAsset_ForwardRenderer.asset using Guid(3a32923c966b5f841ab5dce50845902c) Importer(815301076,1909f56bfc062723c751e8b465ee728b) (PreviewImporter) -> (artifact id: '82b055c83305e89734db380bde8ca676') in 0.0021492 seconds
Number of updated asset objects reloaded before import = 0Number of asset objects unloaded after import = 1

========================================================================
Received Import Request.
  Time since last request: 0.000025 seconds.
  path: Assets/Settings/Low_PipelineAsset_ForwardRenderer.asset
  artifactKey: Guid(e7cc0e27746b4064fb9dea614bc7b95d) Importer(815301076,1909f56bfc062723c751e8b465ee728b)
Start importing Assets/Settings/Low_PipelineAsset_ForwardRenderer.asset using Guid(e7cc0e27746b4064fb9dea614bc7b95d) Importer(815301076,1909f56bfc062723c751e8b465ee728b) (PreviewImporter) -> (artifact id: 'ab1e0372c3b5ad807c494a2d35e701a6') in 0.0019265 seconds
Number of updated asset objects reloaded before import = 0Number of asset objects unloaded after import = 1

========================================================================
Received Import Request.
  Time since last request: 13.665239 seconds.
  path: Assets/TextMesh Pro
  artifactKey: Guid(f54d1bd14bd3ca042bd867b519fee8cc) Importer(815301076,1909f56bfc062723c751e8b465ee728b)
Start importing Assets/TextMesh Pro using Guid(f54d1bd14bd3ca042bd867b519fee8cc) Importer(815301076,1909f56bfc062723c751e8b465ee728b) (PreviewImporter) -> (artifact id: '441aa3e92cda27c68af8a1706ee847ab') in 0.0007897 seconds
Number of updated asset objects reloaded before import = 0Number of asset objects unloaded after import = 0

========================================================================
Received Import Request.
  Time since last request: 15.585868 seconds.
  path: Assets/URP_Settings
  artifactKey: Guid(6cbe8c0ecec95c84ebc55fa8e4a50d98) Importer(815301076,1909f56bfc062723c751e8b465ee728b)
Start importing Assets/URP_Settings using Guid(6cbe8c0ecec95c84ebc55fa8e4a50d98) Importer(815301076,1909f56bfc062723c751e8b465ee728b) (PreviewImporter) -> (artifact id: '0cb2f997998ff5b3243991458afb39ff') in 0.0005934 seconds
Number of updated asset objects reloaded before import = 0Number of asset objects unloaded after import = 0

========================================================================
Received Import Request.
  Time since last request: 16.019592 seconds.
  path: Assets/Materials
  artifactKey: Guid(3fd38725257520a4da49da8c8ddad3c8) Importer(815301076,1909f56bfc062723c751e8b465ee728b)
Start importing Assets/Materials using Guid(3fd38725257520a4da49da8c8ddad3c8) Importer(815301076,1909f56bfc062723c751e8b465ee728b) (PreviewImporter) -> (artifact id: 'be9a0edeca889e5d0341a5960e07f697') in 0.0008645 seconds
Number of updated asset objects reloaded before import = 0Number of asset objects unloaded after import = 0

========================================================================
Received Import Request.
  Time since last request: 401.677179 seconds.
  path: Assets/NuGet.config
  artifactKey: Guid(0177f608502473e4d97719349e1f9a2d) Importer(815301076,1909f56bfc062723c751e8b465ee728b)
Start importing Assets/NuGet.config using Guid(0177f608502473e4d97719349e1f9a2d) Importer(815301076,1909f56bfc062723c751e8b465ee728b) (PreviewImporter)Could not generate preview image
 -> (artifact id: 'e1bc7d6f6f064922a856f231d765ff4d') in 0.0099652 seconds
  ERROR: Import of 'Assets/NuGet.config' had errors: Could not generate preview image
Number of updated asset objects reloaded before import = 0Number of asset objects unloaded after import = 0

========================================================================
Received Import Request.
  Time since last request: 1.102826 seconds.
  path: Assets/packages.config
  artifactKey: Guid(2f27f40cb7a9b394bbf22497632c6f1b) Importer(815301076,1909f56bfc062723c751e8b465ee728b)
Start importing Assets/packages.config using Guid(2f27f40cb7a9b394bbf22497632c6f1b) Importer(815301076,1909f56bfc062723c751e8b465ee728b) (PreviewImporter)Could not generate preview image
 -> (artifact id: '9dd852050518af379981bc3dd2386dbe') in 0.0018379 seconds
  ERROR: Import of 'Assets/packages.config' had errors: Could not generate preview image
Number of updated asset objects reloaded before import = 0Number of asset objects unloaded after import = 0

========================================================================
Received Import Request.
  Time since last request: 52.586289 seconds.
  path: Assets/Imported/question block.jpg
  artifactKey: Guid(2fb13615df75d794383c86c45c487e7a) Importer(815301076,1909f56bfc062723c751e8b465ee728b)
Start importing Assets/Imported/question block.jpg using Guid(2fb13615df75d794383c86c45c487e7a) Importer(815301076,1909f56bfc062723c751e8b465ee728b) (PreviewImporter) -> (artifact id: '186ce7b04cfd14554e64693519012197') in 0.0217171 seconds
Number of updated asset objects reloaded before import = 0Number of asset objects unloaded after import = 2

